>>> say_my_name = __import__("3-say_my_name").say_my_name
>>> say_my_name('khaled', None)
Traceback (most recent call last):
  File "<stdin>", line 1, in <module>
  File "<stdin>", line 5, in say_my_name
TypeError: last_name must be a string
>>> say_my_name('khaled', 12)
Traceback (most recent call last):
  File "<stdin>", line 1, in <module>
  File "<stdin>", line 5, in say_my_name
TypeError: last_name must be a string
>>> say_my_name('khaled', 0)
Traceback (most recent call last):
  File "<stdin>", line 1, in <module>
  File "<stdin>", line 5, in say_my_name
TypeError: last_name must be a string
>>> say_my_name(0, "khaled")
Traceback (most recent call last):
  File "<stdin>", line 1, in <module>
  File "<stdin>", line 3, in say_my_name
TypeError: first_name must be a string
>>> say_my_name([1, 2], "olemy")
Traceback (most recent call last):
  File "<stdin>", line 1, in <module>
  File "<stdin>", line 3, in say_my_name
TypeError: first_name must be a string
>>> say_my_name(["khaled"], "olemy")
Traceback (most recent call last):
  File "<stdin>", line 1, in <module>
  File "<stdin>", line 3, in say_my_name
TypeError: first_name must be a string
>>> say_my_name(["khaled"], [])
Traceback (most recent call last):
  File "<stdin>", line 1, in <module>
  File "<stdin>", line 3, in say_my_name
TypeError: first_name must be a string
